// Jest Snapshot v1, https://goo.gl/fbAQLP

exports[`<Meta /> matches snapshot 1`] = `
<SideEffect(Head)>
  <meta
    content="width=device-width, initial-scale=1"
    name="viewport"
  />
  <meta
    charSet="utf-8"
  />
  <link
    href="/static/favicon.png"
    rel="shortcut icon"
  />
  <title>
    Food Tracker
  </title>
</SideEffect(Head)>
`;
